../Drivers/STM32F1xx_HAL_Driver/Inc/stm32f1xx_ll_usart.h:2451:25:LL_USART_ReceiveData8	16	static
../Core/Src/main.c:83:6:RxFuncData	16	static
../Core/Src/main.c:91:6:sendData	16	static
../Core/Src/main.c:98:6:toggle_debug_led	8	static
../Core/Src/main.c:109:5:__io_putchar	16	static
../Core/Src/main.c:123:5:main	112	static
../Core/Src/main.c:327:6:SystemClock_Config	72	static
../Core/Src/main.c:367:13:MX_USART1_UART_Init	8	static
../Core/Src/main.c:400:13:MX_USART2_UART_Init	8	static
../Core/Src/main.c:433:13:MX_GPIO_Init	40	static
../Core/Src/main.c:477:6:Error_Handler	4	static,ignoring_inline_asm
